function error() {
	var v = read();
	retur x;
}

